2026-02-22 14:05:52,112 - INFO - ============================================================
2026-02-22 14:05:52,112 - INFO - ЗАПУСК ОБНОВЛЕНИЯ ИНДЕКСА
2026-02-22 14:05:52,112 - INFO - Время начала: 2026-02-22 14:05:52.112383
2026-02-22 14:05:52,117 - INFO - Найдено новых/измененных файлов: 48
2026-02-22 14:05:52,117 - INFO - Загрузка файла: Сол.md
2026-02-22 14:05:52,117 - INFO - Загрузка файла: Эшфорд.md
2026-02-22 14:05:52,117 - INFO - Загрузка файла: МВКФ.md
2026-02-22 14:05:52,118 - INFO - Загрузка файла: Сезон4.md
2026-02-22 14:05:52,118 - INFO - Загрузка файла: Камаль.md
2026-02-22 14:05:52,118 - INFO - Загрузка файла: ВКФООН.md
2026-02-22 14:05:52,118 - INFO - Загрузка файла: Тихо.md
2026-02-22 14:05:52,118 - INFO - Загрузка файла: Жюли.md
2026-02-22 14:05:52,118 - INFO - Загрузка файла: МРК.md
2026-02-22 14:05:52,118 - INFO - Загрузка файла: Илус.md
2026-02-22 14:05:52,118 - INFO - Загрузка файла: Сезон5.md
2026-02-22 14:05:52,118 - INFO - Загрузка файла: Места.md
2026-02-22 14:05:52,118 - INFO - Загрузка файла: Факты.md
2026-02-22 14:05:52,119 - INFO - Загрузка файла: Сезон1.md
2026-02-22 14:05:52,119 - INFO - Загрузка файла: Эрринграйт.md
2026-02-22 14:05:52,119 - INFO - Загрузка файла: Корабли.md
2026-02-22 14:05:52,119 - INFO - Загрузка файла: Пояс.md
2026-02-22 14:05:52,119 - INFO - Загрузка файла: Доус.md
2026-02-22 14:05:52,119 - INFO - Загрузка файла: Земля.md
2026-02-22 14:05:52,119 - INFO - Загрузка файла: Инц.md
2026-02-22 14:05:52,119 - INFO - Загрузка файла: Марс.md
2026-02-22 14:05:52,119 - INFO - Загрузка файла: Бобби.md
2026-02-22 14:05:52,119 - INFO - Загрузка файла: Ганимед.md
2026-02-22 14:05:52,120 - INFO - Загрузка файла: Прото.md
2026-02-22 14:05:52,120 - INFO - Загрузка файла: Мао.md
2026-02-22 14:05:52,120 - INFO - Загрузка файла: SHS.md
2026-02-22 14:05:52,121 - INFO - Загрузка файла: Авасарала.md
2026-02-22 14:05:52,121 - INFO - Загрузка файла: Холден.md
2026-02-22 14:05:52,121 - INFO - Загрузка файла: Джонсон.md
2026-02-22 14:05:52,121 - INFO - Загрузка файла: Пракс.md
2026-02-22 14:05:52,121 - INFO - Загрузка файла: Бартон.md
2026-02-22 14:05:52,122 - INFO - Загрузка файла: Роси.md
2026-02-22 14:05:52,122 - INFO - Загрузка файла: Наоми.md
2026-02-22 14:05:52,122 - INFO - Загрузка файла: evil.md
2026-02-22 14:05:52,122 - INFO - Загрузка файла: Кент.md
2026-02-22 14:05:52,123 - INFO - Загрузка файла: Наву.md
2026-02-22 14:05:52,123 - INFO - Загрузка файла: Миллер.md
2026-02-22 14:05:52,123 - INFO - Загрузка файла: ООН.md
2026-02-22 14:05:52,123 - INFO - Загрузка файла: Эрос.md
2026-02-22 14:05:52,123 - INFO - Загрузка файла: Драммер.md
2026-02-22 14:05:52,123 - INFO - Загрузка файла: Дони.md
2026-02-22 14:05:52,124 - INFO - Загрузка файла: Сезон6.md
2026-02-22 14:05:52,124 - INFO - Загрузка файла: Сезон2.md
2026-02-22 14:05:52,124 - INFO - Загрузка файла: Астер.md
2026-02-22 14:05:52,124 - INFO - Загрузка файла: Церера.md
2026-02-22 14:05:52,124 - INFO - Загрузка файла: СВП.md
2026-02-22 14:05:52,124 - INFO - Загрузка файла: Сезон3.md
2026-02-22 14:05:52,125 - INFO - Загрузка файла: Лапуля.md
2026-02-22 14:05:52,127 - INFO - Документы разбиты на 131 чанков.
2026-02-22 14:05:52,127 - INFO - Загрузка модели эмбеддингов...
2026-02-22 14:05:53,714 - INFO - Load pretrained SentenceTransformer: BAAI/bge-m3
2026-02-22 14:05:58,138 - INFO - Индекс не существует, будет создан новый
2026-02-22 14:05:58,138 - INFO - Найдено новых/измененных файлов: 48
2026-02-22 14:05:58,138 - INFO - Загрузка файла: Сол.md
2026-02-22 14:05:58,138 - INFO - Загрузка файла: Эшфорд.md
2026-02-22 14:05:58,139 - INFO - Загрузка файла: МВКФ.md
2026-02-22 14:05:58,139 - INFO - Загрузка файла: Сезон4.md
2026-02-22 14:05:58,139 - INFO - Загрузка файла: Камаль.md
2026-02-22 14:05:58,139 - INFO - Загрузка файла: ВКФООН.md
2026-02-22 14:05:58,140 - INFO - Загрузка файла: Тихо.md
2026-02-22 14:05:58,140 - INFO - Загрузка файла: Жюли.md
2026-02-22 14:05:58,140 - INFO - Загрузка файла: МРК.md
2026-02-22 14:05:58,140 - INFO - Загрузка файла: Илус.md
2026-02-22 14:05:58,140 - INFO - Загрузка файла: Сезон5.md
2026-02-22 14:05:58,141 - INFO - Загрузка файла: Места.md
2026-02-22 14:05:58,141 - INFO - Загрузка файла: Факты.md
2026-02-22 14:05:58,141 - INFO - Загрузка файла: Сезон1.md
2026-02-22 14:05:58,141 - INFO - Загрузка файла: Эрринграйт.md
2026-02-22 14:05:58,141 - INFO - Загрузка файла: Корабли.md
2026-02-22 14:05:58,141 - INFO - Загрузка файла: Пояс.md
2026-02-22 14:05:58,142 - INFO - Загрузка файла: Доус.md
2026-02-22 14:05:58,142 - INFO - Загрузка файла: Земля.md
2026-02-22 14:05:58,142 - INFO - Загрузка файла: Инц.md
2026-02-22 14:05:58,142 - INFO - Загрузка файла: Марс.md
2026-02-22 14:05:58,142 - INFO - Загрузка файла: Бобби.md
2026-02-22 14:05:58,142 - INFO - Загрузка файла: Ганимед.md
2026-02-22 14:05:58,142 - INFO - Загрузка файла: Прото.md
2026-02-22 14:05:58,142 - INFO - Загрузка файла: Мао.md
2026-02-22 14:05:58,143 - INFO - Загрузка файла: SHS.md
2026-02-22 14:05:58,143 - INFO - Загрузка файла: Авасарала.md
2026-02-22 14:05:58,143 - INFO - Загрузка файла: Холден.md
2026-02-22 14:05:58,143 - INFO - Загрузка файла: Джонсон.md
2026-02-22 14:05:58,143 - INFO - Загрузка файла: Пракс.md
2026-02-22 14:05:58,143 - INFO - Загрузка файла: Бартон.md
2026-02-22 14:05:58,144 - INFO - Загрузка файла: Роси.md
2026-02-22 14:05:58,144 - INFO - Загрузка файла: Наоми.md
2026-02-22 14:05:58,144 - INFO - Загрузка файла: evil.md
2026-02-22 14:05:58,144 - INFO - Загрузка файла: Кент.md
2026-02-22 14:05:58,144 - INFO - Загрузка файла: Наву.md
2026-02-22 14:05:58,144 - INFO - Загрузка файла: Миллер.md
2026-02-22 14:05:58,145 - INFO - Загрузка файла: ООН.md
2026-02-22 14:05:58,145 - INFO - Загрузка файла: Эрос.md
2026-02-22 14:05:58,145 - INFO - Загрузка файла: Драммер.md
2026-02-22 14:05:58,145 - INFO - Загрузка файла: Дони.md
2026-02-22 14:05:58,145 - INFO - Загрузка файла: Сезон6.md
2026-02-22 14:05:58,145 - INFO - Загрузка файла: Сезон2.md
2026-02-22 14:05:58,146 - INFO - Загрузка файла: Астер.md
2026-02-22 14:05:58,146 - INFO - Загрузка файла: Церера.md
2026-02-22 14:05:58,146 - INFO - Загрузка файла: СВП.md
2026-02-22 14:05:58,146 - INFO - Загрузка файла: Сезон3.md
2026-02-22 14:05:58,146 - INFO - Загрузка файла: Лапуля.md
2026-02-22 14:05:58,149 - INFO - Документы разбиты на 131 чанков.
2026-02-22 14:05:58,149 - INFO - Создание нового индекса...
2026-02-22 14:06:19,816 - INFO - Loading faiss.
2026-02-22 14:06:19,836 - INFO - Successfully loaded faiss.
2026-02-22 14:06:19,843 - INFO - Манифест сохранен: ./index_manifest.json
2026-02-22 14:06:19,843 - INFO - Сохранение индекса в './faiss_index'...
2026-02-22 14:06:19,844 - INFO - ОБНОВЛЕНИЕ ЗАВЕРШЕНО УСПЕШНО
2026-02-22 14:06:19,844 - INFO - Время выполнения: 27.73 секунд
2026-02-22 14:06:19,845 - INFO - Обработано файлов: 48
2026-02-22 14:06:19,845 - INFO - Общий размер индекса: 131 векторов
2026-02-22 14:09:01,222 - INFO - ============================================================
2026-02-22 14:09:01,222 - INFO - ЗАПУСК ОБНОВЛЕНИЯ ИНДЕКСА
2026-02-22 14:09:01,222 - INFO - Время начала: 2026-02-22 14:09:01.221993
2026-02-22 14:09:01,229 - INFO - Найдено новых/измененных файлов: 1
2026-02-22 14:09:01,229 - INFO - Загрузка файла: Статья1.md
2026-02-22 14:09:01,230 - INFO - Документы разбиты на 4 чанков.
2026-02-22 14:09:01,230 - INFO - Загрузка модели эмбеддингов...
2026-02-22 14:09:02,660 - INFO - Load pretrained SentenceTransformer: BAAI/bge-m3
2026-02-22 14:09:07,862 - INFO - Загрузка существующего индекса...
2026-02-22 14:09:07,864 - INFO - Loading faiss.
2026-02-22 14:09:07,926 - INFO - Successfully loaded faiss.
2026-02-22 14:09:07,930 - WARNING - Не удалось загрузить существующий индекс: __init__() got an unexpected keyword argument 'allow_dangerous_deserialization'
2026-02-22 14:09:07,930 - INFO - Создание нового индекса...
2026-02-22 14:09:07,930 - INFO - Найдено новых/измененных файлов: 1
2026-02-22 14:09:07,930 - INFO - Загрузка файла: Статья1.md
2026-02-22 14:09:07,931 - INFO - Документы разбиты на 4 чанков.
2026-02-22 14:09:07,931 - INFO - Создание нового индекса...
2026-02-22 14:09:08,776 - INFO - Манифест сохранен: ./index_manifest.json
2026-02-22 14:09:08,776 - INFO - Сохранение индекса в './faiss_index'...
2026-02-22 14:09:08,778 - INFO - ОБНОВЛЕНИЕ ЗАВЕРШЕНО УСПЕШНО
2026-02-22 14:09:08,778 - INFO - Время выполнения: 7.56 секунд
2026-02-22 14:09:08,778 - INFO - Обработано файлов: 1
2026-02-22 14:09:08,778 - INFO - Общий размер индекса: 4 векторов
