2026-02-22 17:21:50,658 - INFO - ============================================================
2026-02-22 17:21:50,658 - INFO - ЗАПУСК ОБНОВЛЕНИЯ ИНДЕКСА
2026-02-22 17:21:50,658 - INFO - Время начала: 2026-02-22 17:21:50.658467
2026-02-22 17:21:50,662 - INFO - Найдено новых/измененных файлов: 48
2026-02-22 17:21:50,662 - INFO - Загрузка файла: Сол.md
2026-02-22 17:21:50,663 - INFO - Загрузка файла: Эшфорд.md
2026-02-22 17:21:50,663 - INFO - Загрузка файла: МВКФ.md
2026-02-22 17:21:50,663 - INFO - Загрузка файла: Сезон4.md
2026-02-22 17:21:50,663 - INFO - Загрузка файла: Камаль.md
2026-02-22 17:21:50,663 - INFO - Загрузка файла: ВКФООН.md
2026-02-22 17:21:50,663 - INFO - Загрузка файла: Тихо.md
2026-02-22 17:21:50,663 - INFO - Загрузка файла: Жюли.md
2026-02-22 17:21:50,663 - INFO - Загрузка файла: МРК.md
2026-02-22 17:21:50,663 - INFO - Загрузка файла: Илус.md
2026-02-22 17:21:50,664 - INFO - Загрузка файла: Сезон5.md
2026-02-22 17:21:50,664 - INFO - Загрузка файла: Места.md
2026-02-22 17:21:50,664 - INFO - Загрузка файла: Факты.md
2026-02-22 17:21:50,664 - INFO - Загрузка файла: Сезон1.md
2026-02-22 17:21:50,664 - INFO - Загрузка файла: Эрринграйт.md
2026-02-22 17:21:50,664 - INFO - Загрузка файла: Корабли.md
2026-02-22 17:21:50,664 - INFO - Загрузка файла: Пояс.md
2026-02-22 17:21:50,664 - INFO - Загрузка файла: Доус.md
2026-02-22 17:21:50,665 - INFO - Загрузка файла: Земля.md
2026-02-22 17:21:50,665 - INFO - Загрузка файла: Инц.md
2026-02-22 17:21:50,665 - INFO - Загрузка файла: Марс.md
2026-02-22 17:21:50,665 - INFO - Загрузка файла: Статья1.md
2026-02-22 17:21:50,665 - INFO - Загрузка файла: Бобби.md
2026-02-22 17:21:50,665 - INFO - Загрузка файла: Ганимед.md
2026-02-22 17:21:50,665 - INFO - Загрузка файла: Прото.md
2026-02-22 17:21:50,665 - INFO - Загрузка файла: Мао.md
2026-02-22 17:21:50,665 - INFO - Загрузка файла: SHS.md
2026-02-22 17:21:50,665 - INFO - Загрузка файла: Холден.md
2026-02-22 17:21:50,665 - INFO - Загрузка файла: Джонсон.md
2026-02-22 17:21:50,665 - INFO - Загрузка файла: Пракс.md
2026-02-22 17:21:50,665 - INFO - Загрузка файла: Бартон.md
2026-02-22 17:21:50,665 - INFO - Загрузка файла: Роси.md
2026-02-22 17:21:50,665 - INFO - Загрузка файла: Наоми.md
2026-02-22 17:21:50,666 - INFO - Загрузка файла: evil.md
2026-02-22 17:21:50,666 - INFO - Загрузка файла: Кент.md
2026-02-22 17:21:50,666 - INFO - Загрузка файла: Наву.md
2026-02-22 17:21:50,666 - INFO - Загрузка файла: Миллер.md
2026-02-22 17:21:50,666 - INFO - Загрузка файла: ООН.md
2026-02-22 17:21:50,666 - INFO - Загрузка файла: Эрос.md
2026-02-22 17:21:50,666 - INFO - Загрузка файла: Драммер.md
2026-02-22 17:21:50,666 - INFO - Загрузка файла: Дони.md
2026-02-22 17:21:50,666 - INFO - Загрузка файла: Сезон6.md
2026-02-22 17:21:50,666 - INFO - Загрузка файла: Сезон2.md
2026-02-22 17:21:50,666 - INFO - Загрузка файла: Астер.md
2026-02-22 17:21:50,666 - INFO - Загрузка файла: Церера.md
2026-02-22 17:21:50,666 - INFO - Загрузка файла: СВП.md
2026-02-22 17:21:50,666 - INFO - Загрузка файла: Сезон3.md
2026-02-22 17:21:50,666 - INFO - Загрузка файла: Лапуля.md
2026-02-22 17:21:50,669 - INFO - Документы разбиты на 133 чанков.
2026-02-22 17:21:50,669 - INFO - Загрузка модели эмбеддингов...
2026-02-22 17:21:52,131 - INFO - Load pretrained SentenceTransformer: BAAI/bge-m3
2026-02-22 17:21:56,575 - INFO - Индекс не существует, будет создан новый
2026-02-22 17:21:56,575 - INFO - Найдено новых/измененных файлов: 48
2026-02-22 17:21:56,575 - INFO - Загрузка файла: Сол.md
2026-02-22 17:21:56,576 - INFO - Загрузка файла: Эшфорд.md
2026-02-22 17:21:56,576 - INFO - Загрузка файла: МВКФ.md
2026-02-22 17:21:56,576 - INFO - Загрузка файла: Сезон4.md
2026-02-22 17:21:56,576 - INFO - Загрузка файла: Камаль.md
2026-02-22 17:21:56,577 - INFO - Загрузка файла: ВКФООН.md
2026-02-22 17:21:56,577 - INFO - Загрузка файла: Тихо.md
2026-02-22 17:21:56,577 - INFO - Загрузка файла: Жюли.md
2026-02-22 17:21:56,577 - INFO - Загрузка файла: МРК.md
2026-02-22 17:21:56,577 - INFO - Загрузка файла: Илус.md
2026-02-22 17:21:56,577 - INFO - Загрузка файла: Сезон5.md
2026-02-22 17:21:56,578 - INFO - Загрузка файла: Места.md
2026-02-22 17:21:56,578 - INFO - Загрузка файла: Факты.md
2026-02-22 17:21:56,578 - INFO - Загрузка файла: Сезон1.md
2026-02-22 17:21:56,578 - INFO - Загрузка файла: Эрринграйт.md
2026-02-22 17:21:56,578 - INFO - Загрузка файла: Корабли.md
2026-02-22 17:21:56,579 - INFO - Загрузка файла: Пояс.md
2026-02-22 17:21:56,579 - INFO - Загрузка файла: Доус.md
2026-02-22 17:21:56,579 - INFO - Загрузка файла: Земля.md
2026-02-22 17:21:56,579 - INFO - Загрузка файла: Инц.md
2026-02-22 17:21:56,579 - INFO - Загрузка файла: Марс.md
2026-02-22 17:21:56,579 - INFO - Загрузка файла: Статья1.md
2026-02-22 17:21:56,580 - INFO - Загрузка файла: Бобби.md
2026-02-22 17:21:56,580 - INFO - Загрузка файла: Ганимед.md
2026-02-22 17:21:56,580 - INFO - Загрузка файла: Прото.md
2026-02-22 17:21:56,580 - INFO - Загрузка файла: Мао.md
2026-02-22 17:21:56,580 - INFO - Загрузка файла: SHS.md
2026-02-22 17:21:56,580 - INFO - Загрузка файла: Холден.md
2026-02-22 17:21:56,581 - INFO - Загрузка файла: Джонсон.md
2026-02-22 17:21:56,581 - INFO - Загрузка файла: Пракс.md
2026-02-22 17:21:56,587 - INFO - Загрузка файла: Бартон.md
2026-02-22 17:21:56,588 - INFO - Загрузка файла: Роси.md
2026-02-22 17:21:56,588 - INFO - Загрузка файла: Наоми.md
2026-02-22 17:21:56,588 - INFO - Загрузка файла: evil.md
2026-02-22 17:21:56,588 - INFO - Загрузка файла: Кент.md
2026-02-22 17:21:56,589 - INFO - Загрузка файла: Наву.md
2026-02-22 17:21:56,589 - INFO - Загрузка файла: Миллер.md
2026-02-22 17:21:56,589 - INFO - Загрузка файла: ООН.md
2026-02-22 17:21:56,589 - INFO - Загрузка файла: Эрос.md
2026-02-22 17:21:56,589 - INFO - Загрузка файла: Драммер.md
2026-02-22 17:21:56,590 - INFO - Загрузка файла: Дони.md
2026-02-22 17:21:56,590 - INFO - Загрузка файла: Сезон6.md
2026-02-22 17:21:56,590 - INFO - Загрузка файла: Сезон2.md
2026-02-22 17:21:56,590 - INFO - Загрузка файла: Астер.md
2026-02-22 17:21:56,591 - INFO - Загрузка файла: Церера.md
2026-02-22 17:21:56,591 - INFO - Загрузка файла: СВП.md
2026-02-22 17:21:56,591 - INFO - Загрузка файла: Сезон3.md
2026-02-22 17:21:56,591 - INFO - Загрузка файла: Лапуля.md
2026-02-22 17:21:56,593 - INFO - Документы разбиты на 133 чанков.
2026-02-22 17:21:56,594 - INFO - Создание нового индекса...
2026-02-22 17:22:18,786 - INFO - Loading faiss.
2026-02-22 17:22:18,818 - INFO - Successfully loaded faiss.
2026-02-22 17:22:18,826 - INFO - Манифест сохранен: ./index_manifest.json
2026-02-22 17:22:18,827 - INFO - Сохранение индекса в './faiss_index'...
2026-02-22 17:22:18,828 - INFO - ОБНОВЛЕНИЕ ЗАВЕРШЕНО УСПЕШНО
2026-02-22 17:22:18,828 - INFO - Время выполнения: 28.17 секунд
2026-02-22 17:22:18,828 - INFO - Обработано файлов: 48
2026-02-22 17:22:18,828 - INFO - Общий размер индекса: 133 векторов
2026-02-25 23:00:15,438 - INFO - ============================================================
2026-02-25 23:00:15,438 - INFO - ЗАПУСК ОБНОВЛЕНИЯ ИНДЕКСА
2026-02-25 23:00:15,438 - INFO - Время начала: 2026-02-25 23:00:15.438251
2026-02-25 23:00:15,443 - INFO - Найдено новых/измененных файлов: 47
2026-02-25 23:00:15,443 - INFO - Загрузка файла: Сол.md
2026-02-25 23:00:15,443 - INFO - Загрузка файла: Эшфорд.md
2026-02-25 23:00:15,444 - INFO - Загрузка файла: МВКФ.md
2026-02-25 23:00:15,444 - INFO - Загрузка файла: Сезон4.md
2026-02-25 23:00:15,444 - INFO - Загрузка файла: Камаль.md
2026-02-25 23:00:15,444 - INFO - Загрузка файла: ВКФООН.md
2026-02-25 23:00:15,444 - INFO - Загрузка файла: Тихо.md
2026-02-25 23:00:15,444 - INFO - Загрузка файла: Жюли.md
2026-02-25 23:00:15,444 - INFO - Загрузка файла: МРК.md
2026-02-25 23:00:15,444 - INFO - Загрузка файла: Илус.md
2026-02-25 23:00:15,444 - INFO - Загрузка файла: Сезон5.md
2026-02-25 23:00:15,444 - INFO - Загрузка файла: Места.md
2026-02-25 23:00:15,444 - INFO - Загрузка файла: Факты.md
2026-02-25 23:00:15,444 - INFO - Загрузка файла: Сезон1.md
2026-02-25 23:00:15,445 - INFO - Загрузка файла: Эрринграйт.md
2026-02-25 23:00:15,445 - INFO - Загрузка файла: Корабли.md
2026-02-25 23:00:15,445 - INFO - Загрузка файла: Пояс.md
2026-02-25 23:00:15,445 - INFO - Загрузка файла: Земля.md
2026-02-25 23:00:15,445 - INFO - Загрузка файла: Инц.md
2026-02-25 23:00:15,445 - INFO - Загрузка файла: Марс.md
2026-02-25 23:00:15,445 - INFO - Загрузка файла: Статья1.md
2026-02-25 23:00:15,445 - INFO - Загрузка файла: Бобби.md
2026-02-25 23:00:15,445 - INFO - Загрузка файла: Ганимед.md
2026-02-25 23:00:15,445 - INFO - Загрузка файла: Прото.md
2026-02-25 23:00:15,445 - INFO - Загрузка файла: Мао.md
2026-02-25 23:00:15,445 - INFO - Загрузка файла: SHS.md
2026-02-25 23:00:15,445 - INFO - Загрузка файла: Холден.md
2026-02-25 23:00:15,445 - INFO - Загрузка файла: Джонсон.md
2026-02-25 23:00:15,445 - INFO - Загрузка файла: Пракс.md
2026-02-25 23:00:15,445 - INFO - Загрузка файла: Бартон.md
2026-02-25 23:00:15,445 - INFO - Загрузка файла: Роси.md
2026-02-25 23:00:15,445 - INFO - Загрузка файла: Наоми.md
2026-02-25 23:00:15,446 - INFO - Загрузка файла: evil.md
2026-02-25 23:00:15,446 - INFO - Загрузка файла: Кент.md
2026-02-25 23:00:15,446 - INFO - Загрузка файла: Наву.md
2026-02-25 23:00:15,446 - INFO - Загрузка файла: Миллер.md
2026-02-25 23:00:15,446 - INFO - Загрузка файла: ООН.md
2026-02-25 23:00:15,446 - INFO - Загрузка файла: Эрос.md
2026-02-25 23:00:15,446 - INFO - Загрузка файла: Драммер.md
2026-02-25 23:00:15,446 - INFO - Загрузка файла: Дони.md
2026-02-25 23:00:15,446 - INFO - Загрузка файла: Сезон6.md
2026-02-25 23:00:15,446 - INFO - Загрузка файла: Сезон2.md
2026-02-25 23:00:15,446 - INFO - Загрузка файла: Астер.md
2026-02-25 23:00:15,446 - INFO - Загрузка файла: Церера.md
2026-02-25 23:00:15,446 - INFO - Загрузка файла: СВП.md
2026-02-25 23:00:15,446 - INFO - Загрузка файла: Сезон3.md
2026-02-25 23:00:15,446 - INFO - Загрузка файла: Лапуля.md
2026-02-25 23:00:15,449 - INFO - Документы разбиты на 130 чанков.
2026-02-25 23:00:15,449 - INFO - Загрузка модели эмбеддингов...
2026-02-25 23:00:20,349 - INFO - Load pretrained SentenceTransformer: BAAI/bge-m3
2026-02-25 23:00:25,775 - INFO - Индекс не существует, будет создан новый
2026-02-25 23:00:25,775 - INFO - Найдено новых/измененных файлов: 47
2026-02-25 23:00:25,775 - INFO - Загрузка файла: Сол.md
2026-02-25 23:00:25,776 - INFO - Загрузка файла: Эшфорд.md
2026-02-25 23:00:25,776 - INFO - Загрузка файла: МВКФ.md
2026-02-25 23:00:25,776 - INFO - Загрузка файла: Сезон4.md
2026-02-25 23:00:25,777 - INFO - Загрузка файла: Камаль.md
2026-02-25 23:00:25,777 - INFO - Загрузка файла: ВКФООН.md
2026-02-25 23:00:25,778 - INFO - Загрузка файла: Тихо.md
2026-02-25 23:00:25,778 - INFO - Загрузка файла: Жюли.md
2026-02-25 23:00:25,778 - INFO - Загрузка файла: МРК.md
2026-02-25 23:00:25,778 - INFO - Загрузка файла: Илус.md
2026-02-25 23:00:25,779 - INFO - Загрузка файла: Сезон5.md
2026-02-25 23:00:25,779 - INFO - Загрузка файла: Места.md
2026-02-25 23:00:25,779 - INFO - Загрузка файла: Факты.md
2026-02-25 23:00:25,779 - INFO - Загрузка файла: Сезон1.md
2026-02-25 23:00:25,781 - INFO - Загрузка файла: Эрринграйт.md
2026-02-25 23:00:25,781 - INFO - Загрузка файла: Корабли.md
2026-02-25 23:00:25,781 - INFO - Загрузка файла: Пояс.md
2026-02-25 23:00:25,781 - INFO - Загрузка файла: Земля.md
2026-02-25 23:00:25,782 - INFO - Загрузка файла: Инц.md
2026-02-25 23:00:25,782 - INFO - Загрузка файла: Марс.md
2026-02-25 23:00:25,782 - INFO - Загрузка файла: Статья1.md
2026-02-25 23:00:25,782 - INFO - Загрузка файла: Бобби.md
2026-02-25 23:00:25,783 - INFO - Загрузка файла: Ганимед.md
2026-02-25 23:00:25,783 - INFO - Загрузка файла: Прото.md
2026-02-25 23:00:25,784 - INFO - Загрузка файла: Мао.md
2026-02-25 23:00:25,784 - INFO - Загрузка файла: SHS.md
2026-02-25 23:00:25,784 - INFO - Загрузка файла: Холден.md
2026-02-25 23:00:25,785 - INFO - Загрузка файла: Джонсон.md
2026-02-25 23:00:25,785 - INFO - Загрузка файла: Пракс.md
2026-02-25 23:00:25,785 - INFO - Загрузка файла: Бартон.md
2026-02-25 23:00:25,787 - INFO - Загрузка файла: Роси.md
2026-02-25 23:00:25,789 - INFO - Загрузка файла: Наоми.md
2026-02-25 23:00:25,789 - INFO - Загрузка файла: evil.md
2026-02-25 23:00:25,790 - INFO - Загрузка файла: Кент.md
2026-02-25 23:00:25,790 - INFO - Загрузка файла: Наву.md
2026-02-25 23:00:25,792 - INFO - Загрузка файла: Миллер.md
2026-02-25 23:00:25,792 - INFO - Загрузка файла: ООН.md
2026-02-25 23:00:25,794 - INFO - Загрузка файла: Эрос.md
2026-02-25 23:00:25,794 - INFO - Загрузка файла: Драммер.md
2026-02-25 23:00:25,795 - INFO - Загрузка файла: Дони.md
2026-02-25 23:00:25,795 - INFO - Загрузка файла: Сезон6.md
2026-02-25 23:00:25,796 - INFO - Загрузка файла: Сезон2.md
2026-02-25 23:00:25,796 - INFO - Загрузка файла: Астер.md
2026-02-25 23:00:25,796 - INFO - Загрузка файла: Церера.md
2026-02-25 23:00:25,797 - INFO - Загрузка файла: СВП.md
2026-02-25 23:00:25,797 - INFO - Загрузка файла: Сезон3.md
2026-02-25 23:00:25,797 - INFO - Загрузка файла: Лапуля.md
2026-02-25 23:00:25,800 - INFO - Документы разбиты на 130 чанков.
2026-02-25 23:00:25,800 - INFO - Создание нового индекса...
2026-02-25 23:00:48,044 - INFO - Loading faiss.
2026-02-25 23:00:48,165 - INFO - Successfully loaded faiss.
2026-02-25 23:00:48,172 - INFO - Манифест сохранен: ./index_manifest.json
2026-02-25 23:00:48,172 - INFO - Сохранение индекса в './faiss_index'...
2026-02-25 23:00:48,173 - INFO - ОБНОВЛЕНИЕ ЗАВЕРШЕНО УСПЕШНО
2026-02-25 23:00:48,174 - INFO - Время выполнения: 32.74 секунд
2026-02-25 23:00:48,174 - INFO - Обработано файлов: 47
2026-02-25 23:00:48,174 - INFO - Общий размер индекса: 130 векторов
